// Jest Snapshot v1, https://goo.gl/fbAQLP

exports[`<Content /> Should match the snapshot 1`] = `
.c1 {
  margin: 4px 0;
}

.c0 {
  display: -webkit-box;
  display: -webkit-flex;
  display: -ms-flexbox;
  display: flex;
  -webkit-flex-direction: column;
  -ms-flex-direction: column;
  flex-direction: column;
}

<List.Content
  content=""
  header=""
  subheader=""
  theme={
    Object {
      "baseFontSize": 16,
      "spacing": Object {
        "large": 24,
        "medium": 16,
        "small": 12,
        "xlarge": 32,
        "xsmall": 8,
        "xxlarge": 40,
        "xxsmall": 4,
        "xxxlarge": 48,
        "xxxsmall": 2,
      },
    }
  }
>
  <Content>
    <div
      className="c0"
    >
      <List.Header
        theme={
          Object {
            "spacing": Object {
              "large": 24,
              "medium": 16,
              "small": 12,
              "xlarge": 32,
              "xsmall": 8,
              "xxlarge": 40,
              "xxsmall": 4,
              "xxxlarge": 48,
              "xxxsmall": 2,
            },
          }
        }
      >
        <Header
          theme={
            Object {
              "spacing": Object {
                "large": 24,
                "medium": 16,
                "small": 12,
                "xlarge": 32,
                "xsmall": 8,
                "xxlarge": 40,
                "xxsmall": 4,
                "xxxlarge": 48,
                "xxxsmall": 2,
              },
            }
          }
        >
          <span
            className="c1"
          />
        </Header>
      </List.Header>
    </div>
  </Content>
</List.Content>
`;
