// Jest Snapshot v1, https://goo.gl/fbAQLP

exports[`<Item /> Should match the snapshot 1`] = `
.c2 {
  margin: 4px 0;
}

.c1 {
  display: -webkit-box;
  display: -webkit-flex;
  display: -ms-flexbox;
  display: flex;
  -webkit-flex-direction: column;
  -ms-flex-direction: column;
  flex-direction: column;
}

.c0 {
  display: -webkit-box;
  display: -webkit-flex;
  display: -ms-flexbox;
  display: flex;
  -webkit-flex-direction: row;
  -ms-flex-direction: row;
  flex-direction: row;
  -webkit-align-items: center;
  -webkit-box-align: center;
  -ms-flex-align: center;
  align-items: center;
  padding: 4px;
}

<List.Item
  bullet=""
  content=""
  icon=""
  theme={
    Object {
      "baseFontSize": 16,
      "spacing": Object {
        "large": 24,
        "medium": 16,
        "small": 12,
        "xlarge": 32,
        "xsmall": 8,
        "xxlarge": 40,
        "xxsmall": 4,
        "xxxlarge": 48,
        "xxxsmall": 2,
      },
    }
  }
>
  <li>
    <ListItem
      bullet=""
      theme={
        Object {
          "baseFontSize": 16,
          "spacing": Object {
            "large": 24,
            "medium": 16,
            "small": 12,
            "xlarge": 32,
            "xsmall": 8,
            "xxlarge": 40,
            "xxsmall": 4,
            "xxxlarge": 48,
            "xxxsmall": 2,
          },
        }
      }
    >
      <div
        className="c0"
      >
        <List.Content
          content=""
          header=""
          subheader=""
          theme={
            Object {
              "baseFontSize": 16,
              "spacing": Object {
                "large": 24,
                "medium": 16,
                "small": 12,
                "xlarge": 32,
                "xsmall": 8,
                "xxlarge": 40,
                "xxsmall": 4,
                "xxxlarge": 48,
                "xxxsmall": 2,
              },
            }
          }
        >
          <Content>
            <div
              className="c1"
            >
              <List.Header
                theme={
                  Object {
                    "spacing": Object {
                      "large": 24,
                      "medium": 16,
                      "small": 12,
                      "xlarge": 32,
                      "xsmall": 8,
                      "xxlarge": 40,
                      "xxsmall": 4,
                      "xxxlarge": 48,
                      "xxxsmall": 2,
                    },
                  }
                }
              >
                <Header
                  theme={
                    Object {
                      "spacing": Object {
                        "large": 24,
                        "medium": 16,
                        "small": 12,
                        "xlarge": 32,
                        "xsmall": 8,
                        "xxlarge": 40,
                        "xxsmall": 4,
                        "xxxlarge": 48,
                        "xxxsmall": 2,
                      },
                    }
                  }
                >
                  <span
                    className="c2"
                  />
                </Header>
              </List.Header>
            </div>
          </Content>
        </List.Content>
      </div>
    </ListItem>
  </li>
</List.Item>
`;
