// Jest Snapshot v1, https://goo.gl/fbAQLP

exports[`<SubHeader /> Should match the snapshot 1`] = `
.c0 {
  font-size: 12px;
}

.c0 theme {
  base-font-size: 16px;
}

<List.SubHeader
  theme={
    Object {
      "baseFontSize": 16,
    }
  }
>
  <SubHeader
    theme={
      Object {
        "baseFontSize": 16,
      }
    }
  >
    <span
      className="c0"
    >
      SubHeader
    </span>
  </SubHeader>
</List.SubHeader>
`;
